// Jest Snapshot v1, https://goo.gl/fbAQLP

exports[`Shadow renders 1`] = `
<div
  className="css-yew1ls"
/>
`;
